// Jest Snapshot v1, https://goo.gl/fbAQLP

exports[`<Clock /> when given minutes and seconds (test renderer) renders correctly 1`] = `
<h2
  className="clock"
>
  Pozosta≈Ço
  10
  :
  20
</h2>
`;
